📂 جاري فهرسة برامج الويندوز (.lnk)...
✅ تم العثور على 235 تطبيق مثبت.
Fixes: []
python : EF
At line:1 char:1
+ python tests/test_auto_repair.py 
> test_output.txt 2>&1
+ ~~~~~~~~~~~~~~~~~~~~~~~~~~~~~~~~~~
~~~~~~~~~~~~~~~~~~~~~
    + CategoryInfo          : NotSp 
   ecified: (EF:String) [], Remote  
  Exception
    + FullyQualifiedErrorId : Nativ 
   eCommandError
 
====================================
==================================
ERROR: test_inject_create_file (__ma
in__.TestAutoRepair.test_inject_crea
te_file)
Test injecting missing create_file
------------------------------------
----------------------------------
Traceback (most recent call last):
  File "C:\Users\abdok\OneDrive\سطح 
المكتب\ai  
agent\tests\test_auto_repair.py", 
line 50, in test_inject_create_file
    new_graph, fixes = 
planner.repair(graph)
                       
^^^^^^^^^^^^^^^^^^^^^
  File "C:\Users\abdok\OneDrive\سطح 
المكتب\ai  
agent\core\auto_repair.py", line 
43, in repair
    graph = 
self._fix_inject_file(graph)
            
^^^^^^^^^^^^^^^^^^^^^^^^^^^^
  File "C:\Users\abdok\OneDrive\سطح 
المكتب\ai  
agent\core\auto_repair.py", line 
145, in _fix_inject_file
    action=file_ops.create_file,
           ^^^^^^^^^^^^^^^^^^^^
AttributeError: module 
'actions.file_ops' has no attribute 
'create_file'

====================================
==================================
FAIL: test_reorder_reactive (__main_
_.TestAutoRepair.test_reorder_reacti
ve)
Test moving watch command to the end
------------------------------------
----------------------------------
Traceback (most recent call last):
  File "C:\Users\abdok\OneDrive\سطح 
المكتب\ai  
agent\tests\test_auto_repair.py", 
line 30, in test_reorder_reactive
    self.assertIn("reorder_reactive_
to_end", fixes)
AssertionError: 
'reorder_reactive_to_end' not found 
in []

------------------------------------
----------------------------------
Ran 2 tests in 0.153s

FAILED (failures=1, errors=1)
